
*** Running vivado
    with args -log DSP_Project.vds -m64 -product Vivado -mode batch -messageDb vivado.pb -notrace -source DSP_Project.tcl


****** Vivado v2018.2 (64-bit)
  **** SW Build 2258646 on Thu Jun 14 20:03:12 MDT 2018
  **** IP Build 2256618 on Thu Jun 14 22:10:49 MDT 2018
    ** Copyright 1986-2018 Xilinx, Inc. All Rights Reserved.

source DSP_Project.tcl -notrace
Command: synth_design -top DSP_Project -part xc7a200tffg1156-3
Starting synth_design
Attempting to get a license for feature 'Synthesis' and/or device 'xc7a200t'
INFO: [Common 17-349] Got license for feature 'Synthesis' and/or device 'xc7a200t'
INFO: Launching helper process for spawning children vivado processes
INFO: Helper process launched with PID 20600 
---------------------------------------------------------------------------------
Starting RTL Elaboration : Time (s): cpu = 00:00:01 ; elapsed = 00:00:01 . Memory (MB): peak = 355.348 ; gain = 99.121
---------------------------------------------------------------------------------
INFO: [Synth 8-6157] synthesizing module 'DSP_Project' [C:/Users/mahmo/OneDrive/Desktop/Project_1_DSP/vivado/proj2viv/DSP_Project.v:1]
	Parameter A0REG bound to: 1'b0 
	Parameter A1REG bound to: 1'b1 
	Parameter B0REG bound to: 1'b0 
	Parameter B1REG bound to: 1'b1 
	Parameter CREG bound to: 1'b1 
	Parameter DREG bound to: 1'b1 
	Parameter MREG bound to: 1'b1 
	Parameter PREG bound to: 1'b1 
	Parameter CARRYINREG bound to: 1'b1 
	Parameter CARRYOUTREG bound to: 1'b1 
	Parameter OPMODEREG bound to: 1'b1 
	Parameter CARRYINSEL bound to: OPMODE5 - type: string 
	Parameter B_INPUT bound to: DIRECT - type: string 
	Parameter RSTTYPE bound to: SYNC - type: string 
INFO: [Synth 8-6157] synthesizing module 'FFmux_DSP' [C:/Users/mahmo/OneDrive/Desktop/Project_1_DSP/vivado/proj2viv/FFmux_DSP.v:1]
	Parameter RSTTYPE bound to: SYNC - type: string 
	Parameter EN_REG bound to: 1'b0 
	Parameter SIZE bound to: 18 - type: integer 
INFO: [Synth 8-6155] done synthesizing module 'FFmux_DSP' (1#1) [C:/Users/mahmo/OneDrive/Desktop/Project_1_DSP/vivado/proj2viv/FFmux_DSP.v:1]
INFO: [Synth 8-6157] synthesizing module 'FFmux_DSP__parameterized0' [C:/Users/mahmo/OneDrive/Desktop/Project_1_DSP/vivado/proj2viv/FFmux_DSP.v:1]
	Parameter RSTTYPE bound to: SYNC - type: string 
	Parameter EN_REG bound to: 1'b1 
	Parameter SIZE bound to: 48 - type: integer 
INFO: [Synth 8-6155] done synthesizing module 'FFmux_DSP__parameterized0' (1#1) [C:/Users/mahmo/OneDrive/Desktop/Project_1_DSP/vivado/proj2viv/FFmux_DSP.v:1]
INFO: [Synth 8-6157] synthesizing module 'FFmux_DSP__parameterized1' [C:/Users/mahmo/OneDrive/Desktop/Project_1_DSP/vivado/proj2viv/FFmux_DSP.v:1]
	Parameter RSTTYPE bound to: SYNC - type: string 
	Parameter EN_REG bound to: 1'b1 
	Parameter SIZE bound to: 18 - type: integer 
INFO: [Synth 8-6155] done synthesizing module 'FFmux_DSP__parameterized1' (1#1) [C:/Users/mahmo/OneDrive/Desktop/Project_1_DSP/vivado/proj2viv/FFmux_DSP.v:1]
INFO: [Synth 8-6157] synthesizing module 'FFmux_DSP__parameterized2' [C:/Users/mahmo/OneDrive/Desktop/Project_1_DSP/vivado/proj2viv/FFmux_DSP.v:1]
	Parameter RSTTYPE bound to: SYNC - type: string 
	Parameter EN_REG bound to: 1'b1 
	Parameter SIZE bound to: 36 - type: integer 
INFO: [Synth 8-6155] done synthesizing module 'FFmux_DSP__parameterized2' (1#1) [C:/Users/mahmo/OneDrive/Desktop/Project_1_DSP/vivado/proj2viv/FFmux_DSP.v:1]
INFO: [Synth 8-6157] synthesizing module 'FFmux_DSP__parameterized3' [C:/Users/mahmo/OneDrive/Desktop/Project_1_DSP/vivado/proj2viv/FFmux_DSP.v:1]
	Parameter RSTTYPE bound to: SYNC - type: string 
	Parameter EN_REG bound to: 1'b1 
	Parameter SIZE bound to: 1 - type: integer 
INFO: [Synth 8-6155] done synthesizing module 'FFmux_DSP__parameterized3' (1#1) [C:/Users/mahmo/OneDrive/Desktop/Project_1_DSP/vivado/proj2viv/FFmux_DSP.v:1]
INFO: [Synth 8-6157] synthesizing module 'FFmux_DSP__parameterized4' [C:/Users/mahmo/OneDrive/Desktop/Project_1_DSP/vivado/proj2viv/FFmux_DSP.v:1]
	Parameter RSTTYPE bound to: SYNC - type: string 
	Parameter EN_REG bound to: 1'b1 
	Parameter SIZE bound to: 8 - type: integer 
INFO: [Synth 8-6155] done synthesizing module 'FFmux_DSP__parameterized4' (1#1) [C:/Users/mahmo/OneDrive/Desktop/Project_1_DSP/vivado/proj2viv/FFmux_DSP.v:1]
INFO: [Synth 8-6155] done synthesizing module 'DSP_Project' (2#1) [C:/Users/mahmo/OneDrive/Desktop/Project_1_DSP/vivado/proj2viv/DSP_Project.v:1]
WARNING: [Synth 8-3331] design FFmux_DSP has unconnected port clk
WARNING: [Synth 8-3331] design FFmux_DSP has unconnected port rst
WARNING: [Synth 8-3331] design FFmux_DSP has unconnected port enable
WARNING: [Synth 8-3331] design DSP_Project has unconnected port CARRYIN
WARNING: [Synth 8-3331] design DSP_Project has unconnected port BCIN[17]
WARNING: [Synth 8-3331] design DSP_Project has unconnected port BCIN[16]
WARNING: [Synth 8-3331] design DSP_Project has unconnected port BCIN[15]
WARNING: [Synth 8-3331] design DSP_Project has unconnected port BCIN[14]
WARNING: [Synth 8-3331] design DSP_Project has unconnected port BCIN[13]
WARNING: [Synth 8-3331] design DSP_Project has unconnected port BCIN[12]
WARNING: [Synth 8-3331] design DSP_Project has unconnected port BCIN[11]
WARNING: [Synth 8-3331] design DSP_Project has unconnected port BCIN[10]
WARNING: [Synth 8-3331] design DSP_Project has unconnected port BCIN[9]
WARNING: [Synth 8-3331] design DSP_Project has unconnected port BCIN[8]
WARNING: [Synth 8-3331] design DSP_Project has unconnected port BCIN[7]
WARNING: [Synth 8-3331] design DSP_Project has unconnected port BCIN[6]
WARNING: [Synth 8-3331] design DSP_Project has unconnected port BCIN[5]
WARNING: [Synth 8-3331] design DSP_Project has unconnected port BCIN[4]
WARNING: [Synth 8-3331] design DSP_Project has unconnected port BCIN[3]
WARNING: [Synth 8-3331] design DSP_Project has unconnected port BCIN[2]
WARNING: [Synth 8-3331] design DSP_Project has unconnected port BCIN[1]
WARNING: [Synth 8-3331] design DSP_Project has unconnected port BCIN[0]
---------------------------------------------------------------------------------
Finished RTL Elaboration : Time (s): cpu = 00:00:01 ; elapsed = 00:00:02 . Memory (MB): peak = 410.336 ; gain = 154.109
---------------------------------------------------------------------------------

Report Check Netlist: 
+------+------------------+-------+---------+-------+------------------+
|      |Item              |Errors |Warnings |Status |Description       |
+------+------------------+-------+---------+-------+------------------+
|1     |multi_driven_nets |      0|        0|Passed |Multi driven nets |
+------+------------------+-------+---------+-------+------------------+
---------------------------------------------------------------------------------
Start Handling Custom Attributes
---------------------------------------------------------------------------------
---------------------------------------------------------------------------------
Finished Handling Custom Attributes : Time (s): cpu = 00:00:01 ; elapsed = 00:00:02 . Memory (MB): peak = 410.336 ; gain = 154.109
---------------------------------------------------------------------------------
---------------------------------------------------------------------------------
Finished RTL Optimization Phase 1 : Time (s): cpu = 00:00:01 ; elapsed = 00:00:02 . Memory (MB): peak = 410.336 ; gain = 154.109
---------------------------------------------------------------------------------
INFO: [Device 21-403] Loading part xc7a200tffg1156-3
INFO: [Project 1-570] Preparing netlist for logic optimization

Processing XDC Constraints
Initializing timing engine
Parsing XDC File [C:/Users/mahmo/OneDrive/Desktop/Project_1_DSP/vivado/proj2viv/Constraints_basys3.xdc]
Finished Parsing XDC File [C:/Users/mahmo/OneDrive/Desktop/Project_1_DSP/vivado/proj2viv/Constraints_basys3.xdc]
INFO: [Project 1-236] Implementation specific constraints were found while reading constraint file [C:/Users/mahmo/OneDrive/Desktop/Project_1_DSP/vivado/proj2viv/Constraints_basys3.xdc]. These constraints will be ignored for synthesis but will be used in implementation. Impacted constraints are listed in the file [.Xil/DSP_Project_propImpl.xdc].
Resolution: To avoid this warning, move constraints listed in [.Xil/DSP_Project_propImpl.xdc] to another XDC file and exclude this new file from synthesis with the used_in_synthesis property (File Properties dialog in GUI) and re-run elaboration/synthesis.
Completed Processing XDC Constraints

INFO: [Project 1-111] Unisim Transformation Summary:
No Unisim elements were transformed.

Constraint Validation Runtime : Time (s): cpu = 00:00:00 ; elapsed = 00:00:00.002 . Memory (MB): peak = 819.652 ; gain = 0.000
---------------------------------------------------------------------------------
Finished Constraint Validation : Time (s): cpu = 00:00:16 ; elapsed = 00:00:18 . Memory (MB): peak = 819.652 ; gain = 563.426
---------------------------------------------------------------------------------
---------------------------------------------------------------------------------
Start Loading Part and Timing Information
---------------------------------------------------------------------------------
Loading part: xc7a200tffg1156-3
---------------------------------------------------------------------------------
Finished Loading Part and Timing Information : Time (s): cpu = 00:00:16 ; elapsed = 00:00:18 . Memory (MB): peak = 819.652 ; gain = 563.426
---------------------------------------------------------------------------------
---------------------------------------------------------------------------------
Start Applying 'set_property' XDC Constraints
---------------------------------------------------------------------------------
---------------------------------------------------------------------------------
Finished applying 'set_property' XDC Constraints : Time (s): cpu = 00:00:16 ; elapsed = 00:00:18 . Memory (MB): peak = 819.652 ; gain = 563.426
---------------------------------------------------------------------------------
INFO: [Synth 8-5818] HDL ADVISOR - The operator resource <adder> is shared. To prevent sharing consider applying a KEEP on the output of the operator [C:/Users/mahmo/OneDrive/Desktop/Project_1_DSP/vivado/proj2viv/DSP_Project.v:79]
INFO: [Synth 8-5818] HDL ADVISOR - The operator resource <adder> is shared. To prevent sharing consider applying a KEEP on the output of the operator [C:/Users/mahmo/OneDrive/Desktop/Project_1_DSP/vivado/proj2viv/DSP_Project.v:81]
---------------------------------------------------------------------------------
Finished RTL Optimization Phase 2 : Time (s): cpu = 00:00:16 ; elapsed = 00:00:18 . Memory (MB): peak = 819.652 ; gain = 563.426
---------------------------------------------------------------------------------

Report RTL Partitions: 
+-+--------------+------------+----------+
| |RTL Partition |Replication |Instances |
+-+--------------+------------+----------+
+-+--------------+------------+----------+
---------------------------------------------------------------------------------
Start RTL Component Statistics 
---------------------------------------------------------------------------------
Detailed RTL Component Info : 
+---Adders : 
	   2 Input     48 Bit       Adders := 1     
	   3 Input     48 Bit       Adders := 1     
	   3 Input     18 Bit       Adders := 1     
+---Registers : 
	               48 Bit    Registers := 2     
	               36 Bit    Registers := 1     
	               18 Bit    Registers := 3     
	                8 Bit    Registers := 1     
	                1 Bit    Registers := 2     
+---Muxes : 
	   4 Input     48 Bit        Muxes := 2     
	   2 Input     48 Bit        Muxes := 2     
	   2 Input     35 Bit        Muxes := 1     
	   2 Input     18 Bit        Muxes := 2     
---------------------------------------------------------------------------------
Finished RTL Component Statistics 
---------------------------------------------------------------------------------
---------------------------------------------------------------------------------
Start RTL Hierarchical Component Statistics 
---------------------------------------------------------------------------------
Hierarchical RTL Component report 
Module DSP_Project 
Detailed RTL Component Info : 
+---Adders : 
	   2 Input     48 Bit       Adders := 1     
	   3 Input     48 Bit       Adders := 1     
	   3 Input     18 Bit       Adders := 1     
+---Muxes : 
	   4 Input     48 Bit        Muxes := 2     
	   2 Input     48 Bit        Muxes := 2     
	   2 Input     35 Bit        Muxes := 1     
	   2 Input     18 Bit        Muxes := 2     
Module FFmux_DSP__parameterized0 
Detailed RTL Component Info : 
+---Registers : 
	               48 Bit    Registers := 1     
Module FFmux_DSP__parameterized1 
Detailed RTL Component Info : 
+---Registers : 
	               18 Bit    Registers := 1     
Module FFmux_DSP__parameterized2 
Detailed RTL Component Info : 
+---Registers : 
	               36 Bit    Registers := 1     
Module FFmux_DSP__parameterized3 
Detailed RTL Component Info : 
+---Registers : 
	                1 Bit    Registers := 1     
Module FFmux_DSP__parameterized4 
Detailed RTL Component Info : 
+---Registers : 
	                8 Bit    Registers := 1     
---------------------------------------------------------------------------------
Finished RTL Hierarchical Component Statistics
---------------------------------------------------------------------------------
---------------------------------------------------------------------------------
Start Part Resource Summary
---------------------------------------------------------------------------------
Part Resources:
DSPs: 740 (col length:100)
BRAMs: 730 (col length: RAMB18 100 RAMB36 50)
---------------------------------------------------------------------------------
Finished Part Resource Summary
---------------------------------------------------------------------------------
---------------------------------------------------------------------------------
Start Cross Boundary and Area Optimization
---------------------------------------------------------------------------------
Warning: Parallel synthesis criteria is not met 
DSP Report: Generating DSP m_reg/FF_out_reg, operation Mode is: (C+A2*B2)'.
DSP Report: register a1_reg/FF_out_reg is absorbed into DSP m_reg/FF_out_reg.
DSP Report: register b1_reg/FF_out_reg is absorbed into DSP m_reg/FF_out_reg.
DSP Report: register m_reg/FF_out_reg is absorbed into DSP m_reg/FF_out_reg.
DSP Report: operator multip is absorbed into DSP m_reg/FF_out_reg.
DSP Report: operator multip is absorbed into DSP m_reg/FF_out_reg.
WARNING: [Synth 8-3331] design DSP_Project has unconnected port CARRYIN
WARNING: [Synth 8-3331] design DSP_Project has unconnected port BCIN[17]
WARNING: [Synth 8-3331] design DSP_Project has unconnected port BCIN[16]
WARNING: [Synth 8-3331] design DSP_Project has unconnected port BCIN[15]
WARNING: [Synth 8-3331] design DSP_Project has unconnected port BCIN[14]
WARNING: [Synth 8-3331] design DSP_Project has unconnected port BCIN[13]
WARNING: [Synth 8-3331] design DSP_Project has unconnected port BCIN[12]
WARNING: [Synth 8-3331] design DSP_Project has unconnected port BCIN[11]
WARNING: [Synth 8-3331] design DSP_Project has unconnected port BCIN[10]
WARNING: [Synth 8-3331] design DSP_Project has unconnected port BCIN[9]
WARNING: [Synth 8-3331] design DSP_Project has unconnected port BCIN[8]
WARNING: [Synth 8-3331] design DSP_Project has unconnected port BCIN[7]
WARNING: [Synth 8-3331] design DSP_Project has unconnected port BCIN[6]
WARNING: [Synth 8-3331] design DSP_Project has unconnected port BCIN[5]
WARNING: [Synth 8-3331] design DSP_Project has unconnected port BCIN[4]
WARNING: [Synth 8-3331] design DSP_Project has unconnected port BCIN[3]
WARNING: [Synth 8-3331] design DSP_Project has unconnected port BCIN[2]
WARNING: [Synth 8-3331] design DSP_Project has unconnected port BCIN[1]
WARNING: [Synth 8-3331] design DSP_Project has unconnected port BCIN[0]
WARNING: [Synth 8-3332] Sequential element (opmode_reg/FF_out_reg[7]) is unused and will be removed from module DSP_Project.
WARNING: [Synth 8-3332] Sequential element (opmode_reg/FF_out_reg[6]) is unused and will be removed from module DSP_Project.
WARNING: [Synth 8-3332] Sequential element (opmode_reg/FF_out_reg[5]) is unused and will be removed from module DSP_Project.
WARNING: [Synth 8-3332] Sequential element (opmode_reg/FF_out_reg[3]) is unused and will be removed from module DSP_Project.
WARNING: [Synth 8-3332] Sequential element (opmode_reg/FF_out_reg[2]) is unused and will be removed from module DSP_Project.
WARNING: [Synth 8-3332] Sequential element (opmode_reg/FF_out_reg[1]) is unused and will be removed from module DSP_Project.
WARNING: [Synth 8-3332] Sequential element (opmode_reg/FF_out_reg[0]) is unused and will be removed from module DSP_Project.
---------------------------------------------------------------------------------
Finished Cross Boundary and Area Optimization : Time (s): cpu = 00:00:17 ; elapsed = 00:00:20 . Memory (MB): peak = 819.652 ; gain = 563.426
---------------------------------------------------------------------------------
---------------------------------------------------------------------------------
Start ROM, RAM, DSP and Shift Register Reporting
---------------------------------------------------------------------------------

DSP: Preliminary Mapping  Report (see note below)
+------------+-------------+--------+--------+--------+--------+--------+------+------+------+------+-------+------+------+
|Module Name | DSP Mapping | A Size | B Size | C Size | D Size | P Size | AREG | BREG | CREG | DREG | ADREG | MREG | PREG | 
+------------+-------------+--------+--------+--------+--------+--------+------+------+------+------+-------+------+------+
|DSP_Project | (C+A2*B2)'  | 18     | 17     | 35     | -      | 36     | 1    | 1    | 0    | -    | -     | 0    | 1    | 
+------------+-------------+--------+--------+--------+--------+--------+------+------+------+------+-------+------+------+

Note: The table above is a preliminary report that shows the DSPs inferred at the current stage of the synthesis flow. Some DSP may be reimplemented as non DSP primitives later in the synthesis flow. Multiple instantiated DSPs are reported only once.
---------------------------------------------------------------------------------
Finished ROM, RAM, DSP and Shift Register Reporting
---------------------------------------------------------------------------------

Report RTL Partitions: 
+-+--------------+------------+----------+
| |RTL Partition |Replication |Instances |
+-+--------------+------------+----------+
+-+--------------+------------+----------+
---------------------------------------------------------------------------------
Start Applying XDC Timing Constraints
---------------------------------------------------------------------------------
---------------------------------------------------------------------------------
Finished Applying XDC Timing Constraints : Time (s): cpu = 00:00:25 ; elapsed = 00:00:29 . Memory (MB): peak = 852.457 ; gain = 596.230
---------------------------------------------------------------------------------
---------------------------------------------------------------------------------
Start Timing Optimization
---------------------------------------------------------------------------------
---------------------------------------------------------------------------------
Finished Timing Optimization : Time (s): cpu = 00:00:25 ; elapsed = 00:00:29 . Memory (MB): peak = 884.371 ; gain = 628.145
---------------------------------------------------------------------------------

Report RTL Partitions: 
+-+--------------+------------+----------+
| |RTL Partition |Replication |Instances |
+-+--------------+------------+----------+
+-+--------------+------------+----------+
---------------------------------------------------------------------------------
Start Technology Mapping
---------------------------------------------------------------------------------
INFO: [Synth 8-5842] Cannot pack DSP OPMODE registers because of constant '1' value. Packing the registers will cause simulation mismatch at initial cycle [C:/Users/mahmo/OneDrive/Desktop/Project_1_DSP/vivado/proj2viv/FFmux_DSP.v:15]
---------------------------------------------------------------------------------
Finished Technology Mapping : Time (s): cpu = 00:00:26 ; elapsed = 00:00:29 . Memory (MB): peak = 884.434 ; gain = 628.207
---------------------------------------------------------------------------------

Report RTL Partitions: 
+-+--------------+------------+----------+
| |RTL Partition |Replication |Instances |
+-+--------------+------------+----------+
+-+--------------+------------+----------+
---------------------------------------------------------------------------------
Start IO Insertion
---------------------------------------------------------------------------------
---------------------------------------------------------------------------------
Start Flattening Before IO Insertion
---------------------------------------------------------------------------------
---------------------------------------------------------------------------------
Finished Flattening Before IO Insertion
---------------------------------------------------------------------------------
---------------------------------------------------------------------------------
Start Final Netlist Cleanup
---------------------------------------------------------------------------------
---------------------------------------------------------------------------------
Finished Final Netlist Cleanup
---------------------------------------------------------------------------------
---------------------------------------------------------------------------------
Finished IO Insertion : Time (s): cpu = 00:00:26 ; elapsed = 00:00:30 . Memory (MB): peak = 884.434 ; gain = 628.207
---------------------------------------------------------------------------------

Report Check Netlist: 
+------+------------------+-------+---------+-------+------------------+
|      |Item              |Errors |Warnings |Status |Description       |
+------+------------------+-------+---------+-------+------------------+
|1     |multi_driven_nets |      0|        0|Passed |Multi driven nets |
+------+------------------+-------+---------+-------+------------------+
---------------------------------------------------------------------------------
Start Renaming Generated Instances
---------------------------------------------------------------------------------
---------------------------------------------------------------------------------
Finished Renaming Generated Instances : Time (s): cpu = 00:00:26 ; elapsed = 00:00:30 . Memory (MB): peak = 884.434 ; gain = 628.207
---------------------------------------------------------------------------------

Report RTL Partitions: 
+-+--------------+------------+----------+
| |RTL Partition |Replication |Instances |
+-+--------------+------------+----------+
+-+--------------+------------+----------+
---------------------------------------------------------------------------------
Start Rebuilding User Hierarchy
---------------------------------------------------------------------------------
---------------------------------------------------------------------------------
Finished Rebuilding User Hierarchy : Time (s): cpu = 00:00:26 ; elapsed = 00:00:30 . Memory (MB): peak = 884.434 ; gain = 628.207
---------------------------------------------------------------------------------
---------------------------------------------------------------------------------
Start Renaming Generated Ports
---------------------------------------------------------------------------------
---------------------------------------------------------------------------------
Finished Renaming Generated Ports : Time (s): cpu = 00:00:26 ; elapsed = 00:00:30 . Memory (MB): peak = 884.434 ; gain = 628.207
---------------------------------------------------------------------------------
---------------------------------------------------------------------------------
Start Handling Custom Attributes
---------------------------------------------------------------------------------
---------------------------------------------------------------------------------
Finished Handling Custom Attributes : Time (s): cpu = 00:00:26 ; elapsed = 00:00:30 . Memory (MB): peak = 884.434 ; gain = 628.207
---------------------------------------------------------------------------------
---------------------------------------------------------------------------------
Start Renaming Generated Nets
---------------------------------------------------------------------------------
---------------------------------------------------------------------------------
Finished Renaming Generated Nets : Time (s): cpu = 00:00:26 ; elapsed = 00:00:30 . Memory (MB): peak = 884.434 ; gain = 628.207
---------------------------------------------------------------------------------
---------------------------------------------------------------------------------
Start Writing Synthesis Report
---------------------------------------------------------------------------------

Report BlackBoxes: 
+-+--------------+----------+
| |BlackBox name |Instances |
+-+--------------+----------+
+-+--------------+----------+

Report Cell Usage: 
+------+----------+------+
|      |Cell      |Count |
+------+----------+------+
|1     |BUFG      |     1|
|2     |CARRY4    |    29|
|3     |DSP48E1_1 |     1|
|4     |LUT1      |     1|
|5     |LUT2      |     1|
|6     |LUT3      |    81|
|7     |LUT4      |    58|
|8     |LUT5      |    84|
|9     |LUT6      |     1|
|10    |FDRE      |   153|
|11    |IBUF      |   175|
|12    |OBUF      |   152|
+------+----------+------+

Report Instance Areas: 
+------+-------------+----------------------------+------+
|      |Instance     |Module                      |Cells |
+------+-------------+----------------------------+------+
|1     |top          |                            |   737|
|2     |  a1_reg     |FFmux_DSP__parameterized1   |    40|
|3     |  b1_reg     |FFmux_DSP__parameterized1_0 |    40|
|4     |  c_reg      |FFmux_DSP__parameterized0   |   202|
|5     |  cyi_reg    |FFmux_DSP__parameterized3   |     1|
|6     |  cyo_reg    |FFmux_DSP__parameterized3_1 |     1|
|7     |  d_reg      |FFmux_DSP__parameterized1_2 |    40|
|8     |  m_reg      |FFmux_DSP__parameterized2   |     1|
|9     |  opmode_reg |FFmux_DSP__parameterized4   |    19|
|10    |  p_reg      |FFmux_DSP__parameterized0_3 |    64|
+------+-------------+----------------------------+------+
---------------------------------------------------------------------------------
Finished Writing Synthesis Report : Time (s): cpu = 00:00:26 ; elapsed = 00:00:30 . Memory (MB): peak = 884.434 ; gain = 628.207
---------------------------------------------------------------------------------
Synthesis finished with 0 errors, 0 critical warnings and 26 warnings.
Synthesis Optimization Runtime : Time (s): cpu = 00:00:11 ; elapsed = 00:00:15 . Memory (MB): peak = 884.434 ; gain = 218.891
Synthesis Optimization Complete : Time (s): cpu = 00:00:26 ; elapsed = 00:00:30 . Memory (MB): peak = 884.434 ; gain = 628.207
INFO: [Project 1-571] Translating synthesized netlist
INFO: [Netlist 29-17] Analyzing 205 Unisim elements for replacement
INFO: [Netlist 29-28] Unisim Transformation completed in 0 CPU seconds
INFO: [Project 1-570] Preparing netlist for logic optimization
INFO: [Opt 31-138] Pushed 0 inverter(s) to 0 load pin(s).
INFO: [Project 1-111] Unisim Transformation Summary:
No Unisim elements were transformed.

INFO: [Common 17-83] Releasing license: Synthesis
29 Infos, 48 Warnings, 0 Critical Warnings and 0 Errors encountered.
synth_design completed successfully
synth_design: Time (s): cpu = 00:00:28 ; elapsed = 00:00:32 . Memory (MB): peak = 884.434 ; gain = 641.285
WARNING: [Constraints 18-5210] No constraint will be written out.
INFO: [Common 17-1381] The checkpoint 'C:/Users/mahmo/OneDrive/Desktop/Project_1_DSP/vivado/proj2viv/project_1/project_1.runs/synth_1/DSP_Project.dcp' has been generated.
INFO: [runtcl-4] Executing : report_utilization -file DSP_Project_utilization_synth.rpt -pb DSP_Project_utilization_synth.pb
report_utilization: Time (s): cpu = 00:00:00 ; elapsed = 00:00:00.106 . Memory (MB): peak = 884.434 ; gain = 0.000
INFO: [Common 17-206] Exiting Vivado at Wed Mar  4 10:22:51 2026...
