#-----------------------------------------------------------
# Vivado v2018.2 (64-bit)
# SW Build 2258646 on Thu Jun 14 20:03:12 MDT 2018
# IP Build 2256618 on Thu Jun 14 22:10:49 MDT 2018
# Start of session at: Wed Mar  4 10:16:57 2026
# Process ID: 12680
# Current directory: C:/Users/mahmo/OneDrive/Desktop/Project_1_DSP/vivado/project_1
# Command line: vivado.exe -gui_launcher_event rodinguilauncherevent19620 C:\Users\mahmo\OneDrive\Desktop\Project_1_DSP\vivado\project_1\project_1.xpr
# Log file: C:/Users/mahmo/OneDrive/Desktop/Project_1_DSP/vivado/project_1/vivado.log
# Journal file: C:/Users/mahmo/OneDrive/Desktop/Project_1_DSP/vivado/project_1\vivado.jou
#-----------------------------------------------------------
start_gui
open_project C:/Users/mahmo/OneDrive/Desktop/Project_1_DSP/vivado/project_1/project_1.xpr
Scanning sources...
Finished scanning sources
INFO: [IP_Flow 19-234] Refreshing IP repositories
INFO: [IP_Flow 19-1704] No user IP repositories specified
INFO: [IP_Flow 19-2313] Loaded Vivado IP repository 'C:/Xilinx/Vivado/2018.2/data/ip'.
update_compile_order -fileset sources_1
synth_design -rtl -name rtl_1
Command: synth_design -rtl -name rtl_1
Starting synth_design
Using part: xc7a200tffg1156-3
Top: DSP_Project
---------------------------------------------------------------------------------
Starting RTL Elaboration : Time (s): cpu = 00:00:01 ; elapsed = 00:00:01 . Memory (MB): peak = 968.680 ; gain = 72.086
---------------------------------------------------------------------------------
INFO: [Synth 8-6157] synthesizing module 'DSP_Project' [C:/Users/mahmo/OneDrive/Desktop/Project_1_DSP/vivado/DSP_Project.v:1]
	Parameter A0REG bound to: 1'b0 
	Parameter A1REG bound to: 1'b1 
	Parameter B0REG bound to: 1'b0 
	Parameter B1REG bound to: 1'b1 
	Parameter CREG bound to: 1'b1 
	Parameter DREG bound to: 1'b1 
	Parameter MREG bound to: 1'b1 
	Parameter PREG bound to: 1'b1 
	Parameter CARRYINREG bound to: 1'b1 
	Parameter CARRYOUTREG bound to: 1'b1 
	Parameter OPMODEREG bound to: 1'b1 
	Parameter CARRYINSEL bound to: OPMODE5 - type: string 
	Parameter B_INPUT bound to: DIRECT - type: string 
	Parameter RSTTYPE bound to: SYNC - type: string 
INFO: [Synth 8-6157] synthesizing module 'FFmux_DSP' [C:/Users/mahmo/OneDrive/Desktop/Project_1_DSP/vivado/FFmux_DSP.v:1]
	Parameter RSTTYPE bound to: SYNC - type: string 
	Parameter EN_REG bound to: 1'b0 
	Parameter SIZE bound to: 18 - type: integer 
INFO: [Synth 8-6155] done synthesizing module 'FFmux_DSP' (1#1) [C:/Users/mahmo/OneDrive/Desktop/Project_1_DSP/vivado/FFmux_DSP.v:1]
INFO: [Synth 8-6157] synthesizing module 'FFmux_DSP__parameterized0' [C:/Users/mahmo/OneDrive/Desktop/Project_1_DSP/vivado/FFmux_DSP.v:1]
	Parameter RSTTYPE bound to: SYNC - type: string 
	Parameter EN_REG bound to: 1'b1 
	Parameter SIZE bound to: 48 - type: integer 
INFO: [Synth 8-6155] done synthesizing module 'FFmux_DSP__parameterized0' (1#1) [C:/Users/mahmo/OneDrive/Desktop/Project_1_DSP/vivado/FFmux_DSP.v:1]
INFO: [Synth 8-6157] synthesizing module 'FFmux_DSP__parameterized1' [C:/Users/mahmo/OneDrive/Desktop/Project_1_DSP/vivado/FFmux_DSP.v:1]
	Parameter RSTTYPE bound to: SYNC - type: string 
	Parameter EN_REG bound to: 1'b1 
	Parameter SIZE bound to: 18 - type: integer 
INFO: [Synth 8-6155] done synthesizing module 'FFmux_DSP__parameterized1' (1#1) [C:/Users/mahmo/OneDrive/Desktop/Project_1_DSP/vivado/FFmux_DSP.v:1]
INFO: [Synth 8-6157] synthesizing module 'FFmux_DSP__parameterized2' [C:/Users/mahmo/OneDrive/Desktop/Project_1_DSP/vivado/FFmux_DSP.v:1]
	Parameter RSTTYPE bound to: SYNC - type: string 
	Parameter EN_REG bound to: 1'b1 
	Parameter SIZE bound to: 36 - type: integer 
INFO: [Synth 8-6155] done synthesizing module 'FFmux_DSP__parameterized2' (1#1) [C:/Users/mahmo/OneDrive/Desktop/Project_1_DSP/vivado/FFmux_DSP.v:1]
INFO: [Synth 8-6157] synthesizing module 'FFmux_DSP__parameterized3' [C:/Users/mahmo/OneDrive/Desktop/Project_1_DSP/vivado/FFmux_DSP.v:1]
	Parameter RSTTYPE bound to: SYNC - type: string 
	Parameter EN_REG bound to: 1'b1 
	Parameter SIZE bound to: 1 - type: integer 
INFO: [Synth 8-6155] done synthesizing module 'FFmux_DSP__parameterized3' (1#1) [C:/Users/mahmo/OneDrive/Desktop/Project_1_DSP/vivado/FFmux_DSP.v:1]
INFO: [Synth 8-6157] synthesizing module 'FFmux_DSP__parameterized4' [C:/Users/mahmo/OneDrive/Desktop/Project_1_DSP/vivado/FFmux_DSP.v:1]
	Parameter RSTTYPE bound to: SYNC - type: string 
	Parameter EN_REG bound to: 1'b1 
	Parameter SIZE bound to: 8 - type: integer 
INFO: [Synth 8-6155] done synthesizing module 'FFmux_DSP__parameterized4' (1#1) [C:/Users/mahmo/OneDrive/Desktop/Project_1_DSP/vivado/FFmux_DSP.v:1]
INFO: [Synth 8-6155] done synthesizing module 'DSP_Project' (2#1) [C:/Users/mahmo/OneDrive/Desktop/Project_1_DSP/vivado/DSP_Project.v:1]
WARNING: [Synth 8-3331] design FFmux_DSP has unconnected port clk
WARNING: [Synth 8-3331] design FFmux_DSP has unconnected port rst
WARNING: [Synth 8-3331] design FFmux_DSP has unconnected port enable
WARNING: [Synth 8-3331] design DSP_Project has unconnected port CARRYIN
WARNING: [Synth 8-3331] design DSP_Project has unconnected port BCIN[17]
WARNING: [Synth 8-3331] design DSP_Project has unconnected port BCIN[16]
WARNING: [Synth 8-3331] design DSP_Project has unconnected port BCIN[15]
WARNING: [Synth 8-3331] design DSP_Project has unconnected port BCIN[14]
WARNING: [Synth 8-3331] design DSP_Project has unconnected port BCIN[13]
WARNING: [Synth 8-3331] design DSP_Project has unconnected port BCIN[12]
WARNING: [Synth 8-3331] design DSP_Project has unconnected port BCIN[11]
WARNING: [Synth 8-3331] design DSP_Project has unconnected port BCIN[10]
WARNING: [Synth 8-3331] design DSP_Project has unconnected port BCIN[9]
WARNING: [Synth 8-3331] design DSP_Project has unconnected port BCIN[8]
WARNING: [Synth 8-3331] design DSP_Project has unconnected port BCIN[7]
WARNING: [Synth 8-3331] design DSP_Project has unconnected port BCIN[6]
WARNING: [Synth 8-3331] design DSP_Project has unconnected port BCIN[5]
WARNING: [Synth 8-3331] design DSP_Project has unconnected port BCIN[4]
WARNING: [Synth 8-3331] design DSP_Project has unconnected port BCIN[3]
WARNING: [Synth 8-3331] design DSP_Project has unconnected port BCIN[2]
WARNING: [Synth 8-3331] design DSP_Project has unconnected port BCIN[1]
WARNING: [Synth 8-3331] design DSP_Project has unconnected port BCIN[0]
---------------------------------------------------------------------------------
Finished RTL Elaboration : Time (s): cpu = 00:00:02 ; elapsed = 00:00:02 . Memory (MB): peak = 1013.227 ; gain = 116.633
---------------------------------------------------------------------------------

Report Check Netlist: 
+------+------------------+-------+---------+-------+------------------+
|      |Item              |Errors |Warnings |Status |Description       |
+------+------------------+-------+---------+-------+------------------+
|1     |multi_driven_nets |      0|        0|Passed |Multi driven nets |
+------+------------------+-------+---------+-------+------------------+
---------------------------------------------------------------------------------
Start Handling Custom Attributes
---------------------------------------------------------------------------------
---------------------------------------------------------------------------------
Finished Handling Custom Attributes : Time (s): cpu = 00:00:02 ; elapsed = 00:00:02 . Memory (MB): peak = 1013.227 ; gain = 116.633
---------------------------------------------------------------------------------
---------------------------------------------------------------------------------
Finished RTL Optimization Phase 1 : Time (s): cpu = 00:00:02 ; elapsed = 00:00:02 . Memory (MB): peak = 1013.227 ; gain = 116.633
---------------------------------------------------------------------------------
INFO: [Device 21-403] Loading part xc7a200tffg1156-3
INFO: [Project 1-570] Preparing netlist for logic optimization

Processing XDC Constraints
Initializing timing engine
Parsing XDC File [C:/Users/mahmo/OneDrive/Desktop/Project_1_DSP/vivado/Constraints_basys3.xdc]
Finished Parsing XDC File [C:/Users/mahmo/OneDrive/Desktop/Project_1_DSP/vivado/Constraints_basys3.xdc]
Completed Processing XDC Constraints

INFO: [Opt 31-138] Pushed 0 inverter(s) to 0 load pin(s).
INFO: [Project 1-111] Unisim Transformation Summary:
No Unisim elements were transformed.

RTL Elaboration Complete:  : Time (s): cpu = 00:00:21 ; elapsed = 00:00:19 . Memory (MB): peak = 1480.832 ; gain = 584.238
18 Infos, 22 Warnings, 0 Critical Warnings and 0 Errors encountered.
synth_design completed successfully
synth_design: Time (s): cpu = 00:00:21 ; elapsed = 00:00:19 . Memory (MB): peak = 1480.832 ; gain = 584.238
exit
INFO: [Common 17-206] Exiting Vivado at Wed Mar  4 10:18:11 2026...
