
*** Running vivado
    with args -log DSP_Project.vdi -applog -m64 -product Vivado -messageDb vivado.pb -mode batch -source DSP_Project.tcl -notrace


****** Vivado v2018.2 (64-bit)
  **** SW Build 2258646 on Thu Jun 14 20:03:12 MDT 2018
  **** IP Build 2256618 on Thu Jun 14 22:10:49 MDT 2018
    ** Copyright 1986-2018 Xilinx, Inc. All Rights Reserved.

source DSP_Project.tcl -notrace
Command: open_checkpoint C:/Users/mahmo/OneDrive/Desktop/Project_1_DSP/vivado/proj2viv/project_1/project_1.runs/impl_1/DSP_Project.dcp

Starting open_checkpoint Task

Time (s): cpu = 00:00:00 ; elapsed = 00:00:00.023 . Memory (MB): peak = 228.344 ; gain = 0.000
INFO: [Netlist 29-17] Analyzing 205 Unisim elements for replacement
INFO: [Netlist 29-28] Unisim Transformation completed in 0 CPU seconds
INFO: [Project 1-479] Netlist was created with Vivado 2018.2
INFO: [Device 21-403] Loading part xc7a200tffg1156-3
INFO: [Project 1-570] Preparing netlist for logic optimization
INFO: [Timing 38-478] Restoring timing data from binary archive.
INFO: [Timing 38-479] Binary timing data restore complete.
INFO: [Project 1-856] Restoring constraints from binary archive.
INFO: [Project 1-853] Binary constraint restore complete.
Reading XDEF placement.
Reading placer database...
Reading XDEF routing.
Read XDEF File: Time (s): cpu = 00:00:00 ; elapsed = 00:00:00.062 . Memory (MB): peak = 1160.719 ; gain = 0.000
Restored from archive | CPU: 0.000000 secs | Memory: 0.000000 MB |
Finished XDEF File Restore: Time (s): cpu = 00:00:00 ; elapsed = 00:00:00.063 . Memory (MB): peak = 1160.719 ; gain = 0.000
INFO: [Project 1-111] Unisim Transformation Summary:
No Unisim elements were transformed.

INFO: [Project 1-604] Checkpoint was created with Vivado v2018.2 (64-bit) build 2258646
open_checkpoint: Time (s): cpu = 00:00:21 ; elapsed = 00:00:25 . Memory (MB): peak = 1160.719 ; gain = 941.551
Command: opt_design
Attempting to get a license for feature 'Implementation' and/or device 'xc7a200t'
INFO: [Common 17-349] Got license for feature 'Implementation' and/or device 'xc7a200t'
Running DRC as a precondition to command opt_design

Starting DRC Task
INFO: [DRC 23-27] Running DRC with 2 threads
INFO: [Project 1-461] DRC finished with 0 Errors
INFO: [Project 1-462] Please refer to the DRC report (report_drc) for more information.

Time (s): cpu = 00:00:00 ; elapsed = 00:00:00.467 . Memory (MB): peak = 1163.438 ; gain = 2.719

Starting Cache Timing Information Task
INFO: [Timing 38-35] Done setting XDC timing constraints.
Ending Cache Timing Information Task | Checksum: 16eb233ee

Time (s): cpu = 00:00:01 ; elapsed = 00:00:00.051 . Memory (MB): peak = 1181.027 ; gain = 17.590

Starting Logic Optimization Task

Phase 1 Retarget
INFO: [Opt 31-138] Pushed 0 inverter(s) to 0 load pin(s).
INFO: [Opt 31-49] Retargeted 0 cell(s).
Phase 1 Retarget | Checksum: 14bcfabdd

Time (s): cpu = 00:00:00 ; elapsed = 00:00:00.051 . Memory (MB): peak = 1181.027 ; gain = 0.000
INFO: [Opt 31-389] Phase Retarget created 0 cells and removed 0 cells

Phase 2 Constant propagation
INFO: [Opt 31-138] Pushed 0 inverter(s) to 0 load pin(s).
Phase 2 Constant propagation | Checksum: 143ad7cfa

Time (s): cpu = 00:00:00 ; elapsed = 00:00:00.058 . Memory (MB): peak = 1181.027 ; gain = 0.000
INFO: [Opt 31-389] Phase Constant propagation created 0 cells and removed 0 cells

Phase 3 Sweep
Phase 3 Sweep | Checksum: 16327bd72

Time (s): cpu = 00:00:00 ; elapsed = 00:00:00.075 . Memory (MB): peak = 1181.027 ; gain = 0.000
INFO: [Opt 31-389] Phase Sweep created 19 cells and removed 0 cells

Phase 4 BUFG optimization
Phase 4 BUFG optimization | Checksum: 16327bd72

Time (s): cpu = 00:00:00 ; elapsed = 00:00:00.093 . Memory (MB): peak = 1181.027 ; gain = 0.000
INFO: [Opt 31-662] Phase BUFG optimization created 0 cells of which 0 are BUFGs and removed 0 cells.

Phase 5 Shift Register Optimization
Phase 5 Shift Register Optimization | Checksum: 124bfe94e

Time (s): cpu = 00:00:00 ; elapsed = 00:00:00.124 . Memory (MB): peak = 1181.027 ; gain = 0.000
INFO: [Opt 31-389] Phase Shift Register Optimization created 0 cells and removed 0 cells

Phase 6 Post Processing Netlist
Phase 6 Post Processing Netlist | Checksum: e504cb99

Time (s): cpu = 00:00:00 ; elapsed = 00:00:00.126 . Memory (MB): peak = 1181.027 ; gain = 0.000
INFO: [Opt 31-389] Phase Post Processing Netlist created 0 cells and removed 0 cells

Starting Connectivity Check Task

Time (s): cpu = 00:00:00 ; elapsed = 00:00:00.001 . Memory (MB): peak = 1181.027 ; gain = 0.000
Ending Logic Optimization Task | Checksum: 1cb9c1fe8

Time (s): cpu = 00:00:00 ; elapsed = 00:00:00.130 . Memory (MB): peak = 1181.027 ; gain = 0.000

Starting Power Optimization Task
INFO: [Pwropt 34-132] Skipping clock gating for clocks with a period < 2.00 ns.
Ending Power Optimization Task | Checksum: 1cb9c1fe8

Time (s): cpu = 00:00:00 ; elapsed = 00:00:00.006 . Memory (MB): peak = 1181.027 ; gain = 0.000

Starting Final Cleanup Task
Ending Final Cleanup Task | Checksum: 1cb9c1fe8

Time (s): cpu = 00:00:00 ; elapsed = 00:00:00 . Memory (MB): peak = 1181.027 ; gain = 0.000
INFO: [Common 17-83] Releasing license: Implementation
27 Infos, 0 Warnings, 0 Critical Warnings and 0 Errors encountered.
opt_design completed successfully
INFO: [Timing 38-480] Writing timing data to binary archive.
Writing placer database...
Writing XDEF routing.
Writing XDEF routing logical nets.
Writing XDEF routing special nets.
Write XDEF Complete: Time (s): cpu = 00:00:00 ; elapsed = 00:00:00.021 . Memory (MB): peak = 1181.027 ; gain = 0.000
INFO: [Common 17-1381] The checkpoint 'C:/Users/mahmo/OneDrive/Desktop/Project_1_DSP/vivado/proj2viv/project_1/project_1.runs/impl_1/DSP_Project_opt.dcp' has been generated.
INFO: [runtcl-4] Executing : report_drc -file DSP_Project_drc_opted.rpt -pb DSP_Project_drc_opted.pb -rpx DSP_Project_drc_opted.rpx
Command: report_drc -file DSP_Project_drc_opted.rpt -pb DSP_Project_drc_opted.pb -rpx DSP_Project_drc_opted.rpx
INFO: [IP_Flow 19-234] Refreshing IP repositories
INFO: [IP_Flow 19-1704] No user IP repositories specified
INFO: [IP_Flow 19-2313] Loaded Vivado IP repository 'C:/Xilinx/Vivado/2018.2/data/ip'.
INFO: [DRC 23-27] Running DRC with 2 threads
INFO: [Coretcl 2-168] The results of DRC are in file C:/Users/mahmo/OneDrive/Desktop/Project_1_DSP/vivado/proj2viv/project_1/project_1.runs/impl_1/DSP_Project_drc_opted.rpt.
report_drc completed successfully
Command: place_design
Attempting to get a license for feature 'Implementation' and/or device 'xc7a200t'
INFO: [Common 17-349] Got license for feature 'Implementation' and/or device 'xc7a200t'
INFO: [DRC 23-27] Running DRC with 2 threads
INFO: [Vivado_Tcl 4-198] DRC finished with 0 Errors
INFO: [Vivado_Tcl 4-199] Please refer to the DRC report (report_drc) for more information.
Running DRC as a precondition to command place_design
INFO: [DRC 23-27] Running DRC with 2 threads
INFO: [Vivado_Tcl 4-198] DRC finished with 0 Errors
INFO: [Vivado_Tcl 4-199] Please refer to the DRC report (report_drc) for more information.

Starting Placer Task
INFO: [Place 30-611] Multithreading enabled for place_design using a maximum of 2 CPUs

Phase 1 Placer Initialization

Phase 1.1 Placer Initialization Netlist Sorting
Netlist sorting complete. Time (s): cpu = 00:00:00 ; elapsed = 00:00:00.001 . Memory (MB): peak = 1208.289 ; gain = 0.000
Phase 1.1 Placer Initialization Netlist Sorting | Checksum: cc46f3ec

Time (s): cpu = 00:00:00 ; elapsed = 00:00:00.004 . Memory (MB): peak = 1208.289 ; gain = 0.000
INFO: [Timing 38-35] Done setting XDC timing constraints.
INFO: [Opt 31-138] Pushed 0 inverter(s) to 0 load pin(s).
Netlist sorting complete. Time (s): cpu = 00:00:00 ; elapsed = 00:00:00 . Memory (MB): peak = 1213.371 ; gain = 0.000

Phase 1.2 IO Placement/ Clock Placement/ Build Placer Device
INFO: [Timing 38-35] Done setting XDC timing constraints.
Phase 1.2 IO Placement/ Clock Placement/ Build Placer Device | Checksum: 359427d6

Time (s): cpu = 00:00:06 ; elapsed = 00:00:03 . Memory (MB): peak = 1224.031 ; gain = 15.742

Phase 1.3 Build Placer Netlist Model
Phase 1.3 Build Placer Netlist Model | Checksum: ce480bed

Time (s): cpu = 00:00:06 ; elapsed = 00:00:04 . Memory (MB): peak = 1232.523 ; gain = 24.234

Phase 1.4 Constrain Clocks/Macros
Phase 1.4 Constrain Clocks/Macros | Checksum: ce480bed

Time (s): cpu = 00:00:06 ; elapsed = 00:00:04 . Memory (MB): peak = 1232.523 ; gain = 24.234
Phase 1 Placer Initialization | Checksum: ce480bed

Time (s): cpu = 00:00:06 ; elapsed = 00:00:04 . Memory (MB): peak = 1232.523 ; gain = 24.234

Phase 2 Global Placement

Phase 2.1 Floorplanning
Phase 2.1 Floorplanning | Checksum: 880fc1c5

Time (s): cpu = 00:00:06 ; elapsed = 00:00:04 . Memory (MB): peak = 1232.523 ; gain = 24.234

Phase 2.2 Physical Synthesis In Placer
INFO: [Physopt 32-65] No nets found for high-fanout optimization.
INFO: [Physopt 32-232] Optimized 0 net. Created 0 new instance.
INFO: [Physopt 32-775] End 1 Pass. Optimized 0 net or cell. Created 0 new cell, deleted 0 existing cell and moved 0 existing cell
Netlist sorting complete. Time (s): cpu = 00:00:00 ; elapsed = 00:00:00 . Memory (MB): peak = 1232.523 ; gain = 0.000

Summary of Physical Synthesis Optimizations
============================================


-----------------------------------------------------------------------------------------------------------------------------
|  Optimization       |  Added Cells  |  Removed Cells  |  Optimized Cells/Nets  |  Dont Touch  |  Iterations  |  Elapsed   |
-----------------------------------------------------------------------------------------------------------------------------
|  Very High Fanout   |            0  |              0  |                     0  |           0  |           1  |  00:00:00  |
|  Total              |            0  |              0  |                     0  |           0  |           1  |  00:00:00  |
-----------------------------------------------------------------------------------------------------------------------------


Phase 2.2 Physical Synthesis In Placer | Checksum: 1985e2401

Time (s): cpu = 00:00:07 ; elapsed = 00:00:05 . Memory (MB): peak = 1232.523 ; gain = 24.234
Phase 2 Global Placement | Checksum: 15809be40

Time (s): cpu = 00:00:07 ; elapsed = 00:00:05 . Memory (MB): peak = 1232.523 ; gain = 24.234

Phase 3 Detail Placement

Phase 3.1 Commit Multi Column Macros
Phase 3.1 Commit Multi Column Macros | Checksum: 15809be40

Time (s): cpu = 00:00:07 ; elapsed = 00:00:05 . Memory (MB): peak = 1232.523 ; gain = 24.234

Phase 3.2 Commit Most Macros & LUTRAMs
Phase 3.2 Commit Most Macros & LUTRAMs | Checksum: 19d4fb917

Time (s): cpu = 00:00:07 ; elapsed = 00:00:05 . Memory (MB): peak = 1232.523 ; gain = 24.234

Phase 3.3 Area Swap Optimization
Phase 3.3 Area Swap Optimization | Checksum: 1d64bc570

Time (s): cpu = 00:00:07 ; elapsed = 00:00:05 . Memory (MB): peak = 1232.523 ; gain = 24.234

Phase 3.4 Pipeline Register Optimization
Phase 3.4 Pipeline Register Optimization | Checksum: 1d64bc570

Time (s): cpu = 00:00:07 ; elapsed = 00:00:05 . Memory (MB): peak = 1232.523 ; gain = 24.234

Phase 3.5 Small Shape Detail Placement
Phase 3.5 Small Shape Detail Placement | Checksum: b7557dd6

Time (s): cpu = 00:00:08 ; elapsed = 00:00:05 . Memory (MB): peak = 1247.648 ; gain = 39.359

Phase 3.6 Re-assign LUT pins
Phase 3.6 Re-assign LUT pins | Checksum: c15dd48b

Time (s): cpu = 00:00:08 ; elapsed = 00:00:05 . Memory (MB): peak = 1247.648 ; gain = 39.359

Phase 3.7 Pipeline Register Optimization
Phase 3.7 Pipeline Register Optimization | Checksum: c15dd48b

Time (s): cpu = 00:00:08 ; elapsed = 00:00:05 . Memory (MB): peak = 1247.648 ; gain = 39.359
Phase 3 Detail Placement | Checksum: c15dd48b

Time (s): cpu = 00:00:08 ; elapsed = 00:00:05 . Memory (MB): peak = 1247.648 ; gain = 39.359

Phase 4 Post Placement Optimization and Clean-Up

Phase 4.1 Post Commit Optimization
INFO: [Timing 38-35] Done setting XDC timing constraints.

Phase 4.1.1 Post Placement Optimization
Post Placement Optimization Initialization | Checksum: a425a5a9

Phase 4.1.1.1 BUFG Insertion
INFO: [Place 46-31] BUFG insertion identified 0 candidate nets, 0 success, 0 skipped for placement/routing, 0 skipped for timing, 0 skipped for netlist change reason.
Phase 4.1.1.1 BUFG Insertion | Checksum: a425a5a9

Time (s): cpu = 00:00:08 ; elapsed = 00:00:06 . Memory (MB): peak = 1258.578 ; gain = 50.289
INFO: [Place 30-746] Post Placement Timing Summary WNS=4.066. For the most accurate timing information please run report_timing.
Phase 4.1.1 Post Placement Optimization | Checksum: 12cc7fc59

Time (s): cpu = 00:00:08 ; elapsed = 00:00:06 . Memory (MB): peak = 1258.578 ; gain = 50.289
Phase 4.1 Post Commit Optimization | Checksum: 12cc7fc59

Time (s): cpu = 00:00:08 ; elapsed = 00:00:06 . Memory (MB): peak = 1258.578 ; gain = 50.289

Phase 4.2 Post Placement Cleanup
Phase 4.2 Post Placement Cleanup | Checksum: 12cc7fc59

Time (s): cpu = 00:00:08 ; elapsed = 00:00:06 . Memory (MB): peak = 1258.578 ; gain = 50.289

Phase 4.3 Placer Reporting
Phase 4.3 Placer Reporting | Checksum: 12cc7fc59

Time (s): cpu = 00:00:08 ; elapsed = 00:00:06 . Memory (MB): peak = 1258.578 ; gain = 50.289

Phase 4.4 Final Placement Cleanup
Phase 4.4 Final Placement Cleanup | Checksum: 12cc7fc59

Time (s): cpu = 00:00:08 ; elapsed = 00:00:06 . Memory (MB): peak = 1258.578 ; gain = 50.289
Phase 4 Post Placement Optimization and Clean-Up | Checksum: 12cc7fc59

Time (s): cpu = 00:00:08 ; elapsed = 00:00:06 . Memory (MB): peak = 1258.578 ; gain = 50.289
Ending Placer Task | Checksum: 54f2a3e7

Time (s): cpu = 00:00:08 ; elapsed = 00:00:06 . Memory (MB): peak = 1258.578 ; gain = 50.289
INFO: [Common 17-83] Releasing license: Implementation
53 Infos, 0 Warnings, 0 Critical Warnings and 0 Errors encountered.
place_design completed successfully
place_design: Time (s): cpu = 00:00:09 ; elapsed = 00:00:06 . Memory (MB): peak = 1258.578 ; gain = 50.289
INFO: [Timing 38-480] Writing timing data to binary archive.
Writing placer database...
Writing XDEF routing.
Writing XDEF routing logical nets.
Writing XDEF routing special nets.
Write XDEF Complete: Time (s): cpu = 00:00:00 ; elapsed = 00:00:00.053 . Memory (MB): peak = 1259.934 ; gain = 1.355
INFO: [Common 17-1381] The checkpoint 'C:/Users/mahmo/OneDrive/Desktop/Project_1_DSP/vivado/proj2viv/project_1/project_1.runs/impl_1/DSP_Project_placed.dcp' has been generated.
INFO: [runtcl-4] Executing : report_io -file DSP_Project_io_placed.rpt
report_io: Time (s): cpu = 00:00:00 ; elapsed = 00:00:00.160 . Memory (MB): peak = 1271.023 ; gain = 9.062
INFO: [runtcl-4] Executing : report_utilization -file DSP_Project_utilization_placed.rpt -pb DSP_Project_utilization_placed.pb
report_utilization: Time (s): cpu = 00:00:01 ; elapsed = 00:00:00.106 . Memory (MB): peak = 1271.023 ; gain = 0.000
INFO: [runtcl-4] Executing : report_control_sets -verbose -file DSP_Project_control_sets_placed.rpt
report_control_sets: Time (s): cpu = 00:00:00 ; elapsed = 00:00:00.003 . Memory (MB): peak = 1271.023 ; gain = 0.000
Command: route_design
Attempting to get a license for feature 'Implementation' and/or device 'xc7a200t'
INFO: [Common 17-349] Got license for feature 'Implementation' and/or device 'xc7a200t'
Running DRC as a precondition to command route_design
INFO: [DRC 23-27] Running DRC with 2 threads
WARNING: [DRC CFGBVS-7] CONFIG_VOLTAGE with Config Bank VCCO: The CONFIG_MODE property of current_design specifies a configuration mode (SPIx4) that uses pins in bank 14.  I/O standards used in this bank have a voltage requirement of 1.80.  However, the CONFIG_VOLTAGE for current_design is set to 3.3.  Ensure that your configuration voltage is compatible with the I/O standards in banks used by your configuration mode.  Refer to device configuration user guide for more information.    Pins used by config mode: V28 (IO_L1P_T0_D00_MOSI_14), V29 (IO_L1N_T0_D01_DIN_14), V26 (IO_L2P_T0_D02_14), V27 (IO_L2N_T0_D03_14), W26 (IO_L3P_T0_DQS_PUDC_B_14), and Y27 (IO_L6P_T0_FCS_B_14)
INFO: [Vivado_Tcl 4-198] DRC finished with 0 Errors, 1 Warnings
INFO: [Vivado_Tcl 4-199] Please refer to the DRC report (report_drc) for more information.


Starting Routing Task
INFO: [Route 35-254] Multithreading enabled for route_design using a maximum of 2 CPUs
Checksum: PlaceDB: 3d6c5fc5 ConstDB: 0 ShapeSum: 17864422 RouteDB: 0

Phase 1 Build RT Design
Phase 1 Build RT Design | Checksum: 13b18fef6

Time (s): cpu = 00:00:46 ; elapsed = 00:00:40 . Memory (MB): peak = 1495.418 ; gain = 220.668
Post Restoration Checksum: NetGraph: f01b3a5e NumContArr: 4afdc498 Constraints: 0 Timing: 0

Phase 2 Router Initialization

Phase 2.1 Create Timer
Phase 2.1 Create Timer | Checksum: 13b18fef6

Time (s): cpu = 00:00:46 ; elapsed = 00:00:41 . Memory (MB): peak = 1495.418 ; gain = 220.668

Phase 2.2 Fix Topology Constraints
Phase 2.2 Fix Topology Constraints | Checksum: 13b18fef6

Time (s): cpu = 00:00:46 ; elapsed = 00:00:41 . Memory (MB): peak = 1501.145 ; gain = 226.395

Phase 2.3 Pre Route Cleanup
Phase 2.3 Pre Route Cleanup | Checksum: 13b18fef6

Time (s): cpu = 00:00:46 ; elapsed = 00:00:41 . Memory (MB): peak = 1501.145 ; gain = 226.395
 Number of Nodes with overlaps = 0

Phase 2.4 Update Timing
Phase 2.4 Update Timing | Checksum: 1c58ecf78

Time (s): cpu = 00:00:47 ; elapsed = 00:00:41 . Memory (MB): peak = 1542.652 ; gain = 267.902
INFO: [Route 35-416] Intermediate Timing Summary | WNS=4.057  | TNS=0.000  | WHS=0.128  | THS=0.000  |

Phase 2 Router Initialization | Checksum: 1ccb5a399

Time (s): cpu = 00:00:47 ; elapsed = 00:00:41 . Memory (MB): peak = 1542.652 ; gain = 267.902

Phase 3 Initial Routing
Phase 3 Initial Routing | Checksum: f9a2c04b

Time (s): cpu = 00:00:47 ; elapsed = 00:00:41 . Memory (MB): peak = 1542.652 ; gain = 267.902

Phase 4 Rip-up And Reroute

Phase 4.1 Global Iteration 0
 Number of Nodes with overlaps = 22
 Number of Nodes with overlaps = 0
INFO: [Route 35-416] Intermediate Timing Summary | WNS=3.955  | TNS=0.000  | WHS=N/A    | THS=N/A    |

Phase 4.1 Global Iteration 0 | Checksum: 1ddb3f488

Time (s): cpu = 00:00:47 ; elapsed = 00:00:41 . Memory (MB): peak = 1542.652 ; gain = 267.902
Phase 4 Rip-up And Reroute | Checksum: 1ddb3f488

Time (s): cpu = 00:00:47 ; elapsed = 00:00:41 . Memory (MB): peak = 1542.652 ; gain = 267.902

Phase 5 Delay and Skew Optimization

Phase 5.1 Delay CleanUp
Phase 5.1 Delay CleanUp | Checksum: 1ddb3f488

Time (s): cpu = 00:00:47 ; elapsed = 00:00:41 . Memory (MB): peak = 1542.652 ; gain = 267.902

Phase 5.2 Clock Skew Optimization
Phase 5.2 Clock Skew Optimization | Checksum: 1ddb3f488

Time (s): cpu = 00:00:47 ; elapsed = 00:00:41 . Memory (MB): peak = 1542.652 ; gain = 267.902
Phase 5 Delay and Skew Optimization | Checksum: 1ddb3f488

Time (s): cpu = 00:00:47 ; elapsed = 00:00:41 . Memory (MB): peak = 1542.652 ; gain = 267.902

Phase 6 Post Hold Fix

Phase 6.1 Hold Fix Iter

Phase 6.1.1 Update Timing
Phase 6.1.1 Update Timing | Checksum: 24811b5a9

Time (s): cpu = 00:00:47 ; elapsed = 00:00:41 . Memory (MB): peak = 1542.652 ; gain = 267.902
INFO: [Route 35-416] Intermediate Timing Summary | WNS=4.013  | TNS=0.000  | WHS=0.522  | THS=0.000  |

Phase 6.1 Hold Fix Iter | Checksum: 24811b5a9

Time (s): cpu = 00:00:47 ; elapsed = 00:00:41 . Memory (MB): peak = 1542.652 ; gain = 267.902
Phase 6 Post Hold Fix | Checksum: 24811b5a9

Time (s): cpu = 00:00:47 ; elapsed = 00:00:41 . Memory (MB): peak = 1542.652 ; gain = 267.902

Phase 7 Route finalize

Router Utilization Summary
  Global Vertical Routing Utilization    = 0.728798 %
  Global Horizontal Routing Utilization  = 0.679346 %
  Routable Net Status*
  *Does not include unroutable nets such as driverless and loadless.
  Run report_route_status for detailed report.
  Number of Failed Nets               = 0
  Number of Unrouted Nets             = 0
  Number of Partially Routed Nets     = 0
  Number of Node Overlaps             = 0

Phase 7 Route finalize | Checksum: 23d89f20b

Time (s): cpu = 00:00:47 ; elapsed = 00:00:41 . Memory (MB): peak = 1542.652 ; gain = 267.902

Phase 8 Verifying routed nets

 Verification completed successfully
Phase 8 Verifying routed nets | Checksum: 23d89f20b

Time (s): cpu = 00:00:47 ; elapsed = 00:00:41 . Memory (MB): peak = 1542.652 ; gain = 267.902

Phase 9 Depositing Routes
Phase 9 Depositing Routes | Checksum: 2a85aa69a

Time (s): cpu = 00:00:47 ; elapsed = 00:00:42 . Memory (MB): peak = 1542.652 ; gain = 267.902

Phase 10 Post Router Timing
INFO: [Route 35-57] Estimated Timing Summary | WNS=4.013  | TNS=0.000  | WHS=0.522  | THS=0.000  |

INFO: [Route 35-327] The final timing numbers are based on the router estimated timing analysis. For a complete and accurate timing signoff, please run report_timing_summary.
Phase 10 Post Router Timing | Checksum: 2a85aa69a

Time (s): cpu = 00:00:47 ; elapsed = 00:00:42 . Memory (MB): peak = 1542.652 ; gain = 267.902
INFO: [Route 35-16] Router Completed Successfully

Time (s): cpu = 00:00:47 ; elapsed = 00:00:42 . Memory (MB): peak = 1542.652 ; gain = 267.902

Routing Is Done.
INFO: [Common 17-83] Releasing license: Implementation
70 Infos, 1 Warnings, 0 Critical Warnings and 0 Errors encountered.
route_design completed successfully
route_design: Time (s): cpu = 00:00:48 ; elapsed = 00:00:42 . Memory (MB): peak = 1542.652 ; gain = 271.629
INFO: [Timing 38-480] Writing timing data to binary archive.
Writing placer database...
Writing XDEF routing.
Writing XDEF routing logical nets.
Writing XDEF routing special nets.
Write XDEF Complete: Time (s): cpu = 00:00:00 ; elapsed = 00:00:00.068 . Memory (MB): peak = 1542.652 ; gain = 0.000
INFO: [Common 17-1381] The checkpoint 'C:/Users/mahmo/OneDrive/Desktop/Project_1_DSP/vivado/proj2viv/project_1/project_1.runs/impl_1/DSP_Project_routed.dcp' has been generated.
INFO: [runtcl-4] Executing : report_drc -file DSP_Project_drc_routed.rpt -pb DSP_Project_drc_routed.pb -rpx DSP_Project_drc_routed.rpx
Command: report_drc -file DSP_Project_drc_routed.rpt -pb DSP_Project_drc_routed.pb -rpx DSP_Project_drc_routed.rpx
INFO: [DRC 23-27] Running DRC with 2 threads
INFO: [Coretcl 2-168] The results of DRC are in file C:/Users/mahmo/OneDrive/Desktop/Project_1_DSP/vivado/proj2viv/project_1/project_1.runs/impl_1/DSP_Project_drc_routed.rpt.
report_drc completed successfully
INFO: [runtcl-4] Executing : report_methodology -file DSP_Project_methodology_drc_routed.rpt -pb DSP_Project_methodology_drc_routed.pb -rpx DSP_Project_methodology_drc_routed.rpx
Command: report_methodology -file DSP_Project_methodology_drc_routed.rpt -pb DSP_Project_methodology_drc_routed.pb -rpx DSP_Project_methodology_drc_routed.rpx
INFO: [Timing 38-35] Done setting XDC timing constraints.
INFO: [Timing 38-35] Done setting XDC timing constraints.
INFO: [DRC 23-133] Running Methodology with 2 threads
INFO: [Coretcl 2-1520] The results of Report Methodology are in file C:/Users/mahmo/OneDrive/Desktop/Project_1_DSP/vivado/proj2viv/project_1/project_1.runs/impl_1/DSP_Project_methodology_drc_routed.rpt.
report_methodology completed successfully
INFO: [runtcl-4] Executing : report_power -file DSP_Project_power_routed.rpt -pb DSP_Project_power_summary_routed.pb -rpx DSP_Project_power_routed.rpx
Command: report_power -file DSP_Project_power_routed.rpt -pb DSP_Project_power_summary_routed.pb -rpx DSP_Project_power_routed.rpx
INFO: [Timing 38-35] Done setting XDC timing constraints.
Running Vector-less Activity Propagation...

Finished Running Vector-less Activity Propagation
82 Infos, 1 Warnings, 0 Critical Warnings and 0 Errors encountered.
report_power completed successfully
INFO: [runtcl-4] Executing : report_route_status -file DSP_Project_route_status.rpt -pb DSP_Project_route_status.pb
INFO: [runtcl-4] Executing : report_timing_summary -max_paths 10 -file DSP_Project_timing_summary_routed.rpt -pb DSP_Project_timing_summary_routed.pb -rpx DSP_Project_timing_summary_routed.rpx -warn_on_violation 
INFO: [Timing 38-91] UpdateTimingParams: Speed grade: -3, Delay Type: min_max, Timing Stage: Requireds.
INFO: [Timing 38-191] Multithreading enabled for timing update using a maximum of 2 CPUs
INFO: [runtcl-4] Executing : report_incremental_reuse -file DSP_Project_incremental_reuse_routed.rpt
INFO: [Vivado_Tcl 4-545] No incremental reuse to report, no incremental placement and routing data was found.
INFO: [runtcl-4] Executing : report_clock_utilization -file DSP_Project_clock_utilization_routed.rpt
INFO: [runtcl-4] Executing : report_bus_skew -warn_on_violation -file DSP_Project_bus_skew_routed.rpt -pb DSP_Project_bus_skew_routed.pb -rpx DSP_Project_bus_skew_routed.rpx
INFO: [Timing 38-91] UpdateTimingParams: Speed grade: -3, Delay Type: min_max, Timing Stage: Requireds.
INFO: [Timing 38-191] Multithreading enabled for timing update using a maximum of 2 CPUs
INFO: [Common 17-206] Exiting Vivado at Wed Mar  4 10:25:49 2026...
